// 重构日志: 1e59282d
// 重构日志: 5cf9fcda
// 重构日志: f7a193ea
// 重构日志: 15f37efd
// 同步 ID: bf98f073 @ Wed Jul 22 17:07:13 UTC 2026
// 重构日志: 31a7f96a
// 同步 ID: f755bd2e @ Fri Jul 24 12:51:04 UTC 2026
// 重构日志: 0f950bea
// 重构日志: e51a2a76
// 同步 ID: 159c0f51 @ Sat Jul 25 11:16:17 UTC 2026
// 重构日志: 64399882
// 同步 ID: 14a2095d @ Sat Jul 25 17:31:09 UTC 2026
// 重构日志: 49f39e73
// 重构日志: f3ee5fa6
// 重构日志: 991343d1
// 同步 ID: 02e9fb8f @ Sun Jul 26 11:47:54 UTC 2026
// 重构日志: e54afcf3
// 重构日志: 9e4867d2
// 重构日志: 6a9c94f4
// 重构日志: 1fd17694
// 同步 ID: b7999be0 @ Wed Jul 29 10:03:28 UTC 2026
// 重构日志: c1e6b91f
// 同步 ID: 37988c20 @ Thu Jul 30 21:21:29 UTC 2026
// 同步 ID: a7d573db @ Fri Jul 31 08:19:00 UTC 2026
// 重构日志: 2b34f5c5
// 重构日志: 59f8e868
// 重构日志: 132b2a4c
// 同步 ID: 50a4ac3c @ Wed Aug  5 04:18:04 UTC 2026
// 重构日志: 94f0d00e
// 同步 ID: bf9aebbc @ Wed Aug  5 18:22:38 UTC 2026
